NAME_FIRST | fn |  | 
NAME_MIDDLE | mn |  | 
NAME_MIDDLE_INITIAL | mi |  | 
NAME_LAST | ln |  | 
NAME_FULL | nn |  | 
COMPANY_NAME | cm |  | 
ADDRESS_HOME_LINE1 | af |  | 
ADDRESS_HOME_LINE1 | a1 |  | 
ADDRESS_HOME_LINE2 | a2 |  | 
ADDRESS_HOME_CITY | ct |  | 
ADDRESS_HOME_ZIP | zc |  | 
ADDRESS_HOME_STATE | st |  | 
EMAIL_ADDRESS | em |  | 
PHONE_HOME_WHOLE_NUMBER | pf |  | 
PHONE_HOME_COUNTRY_CODE | pc |  | 
PHONE_HOME_CITY_CODE | pa |  | 
PHONE_HOME_NUMBER | pn |  | 
PHONE_FAX_WHOLE_NUMBER | ff |  | 
PHONE_FAX_COUNTRY_CODE | fc |  | 
PHONE_FAX_CITY_CODE | fa |  | 
PHONE_FAX_NUMBER | fx |  | 
CREDIT_CARD_NAME | c1 |  | 
CREDIT_CARD_NUMBER | c2 |  | 
CREDIT_CARD_EXP_MONTH | c3 |  | 
CREDIT_CARD_EXP_4_DIGIT_YEAR | c4 |  | 
CREDIT_CARD_EXP_2_DIGIT_YEAR | c5 |  | 
CREDIT_CARD_EXP_DATE_2_DIGIT_YEAR | c6 |  | 
