ADDRESS_BILLING_LINE1
ADDRESS_BILLING_LINE2
ADDRESS_BILLING_LINE1
ADDRESS_BILLING_LINE2
ADDRESS_BILLING_CITY
ADDRESS_BILLING_STATE
ADDRESS_BILLING_ZIP
PHONE_HOME_CITY_CODE
PHONE_HOME_NUMBER
PHONE_HOME_WHOLE_NUMBER
EMAIL_ADDRESS
ADDRESS_HOME_LINE1
ADDRESS_HOME_LINE2
UNKNOWN_TYPE
ADDRESS_HOME_LINE1
ADDRESS_HOME_LINE2
ADDRESS_HOME_STATE
ADDRESS_HOME_ZIP
PHONE_HOME_CITY_CODE
PHONE_HOME_NUMBER
PHONE_HOME_CITY_CODE
PHONE_HOME_NUMBER
PHONE_HOME_NUMBER
PHONE_HOME_WHOLE_NUMBER
