UNKNOWN_TYPE
UNKNOWN_TYPE
EMAIL_ADDRESS
NAME_FIRST
NAME_LAST
COMPANY_NAME
ADDRESS_HOME_LINE1
ADDRESS_HOME_LINE2
ADDRESS_HOME_CITY
ADDRESS_HOME_STATE
ADDRESS_HOME_STATE
ADDRESS_HOME_STATE
ADDRESS_HOME_STATE
ADDRESS_HOME_ZIP
ADDRESS_HOME_COUNTRY
PHONE_HOME_WHOLE_NUMBER
EMAIL_ADDRESS
EMAIL_ADDRESS
NAME_FIRST
NAME_LAST
COMPANY_NAME
ADDRESS_HOME_LINE1
ADDRESS_HOME_LINE2
ADDRESS_HOME_CITY
ADDRESS_HOME_STATE
ADDRESS_HOME_STATE
ADDRESS_HOME_STATE
ADDRESS_HOME_STATE
ADDRESS_HOME_ZIP
ADDRESS_HOME_COUNTRY
PHONE_HOME_WHOLE_NUMBER
UNKNOWN_TYPE
UNKNOWN_TYPE
UNKNOWN_TYPE
UNKNOWN_TYPE
UNKNOWN_TYPE
UNKNOWN_TYPE
