NAME_FIRST | firstName |  | 
NAME_LAST | lastName |  | 
ADDRESS_HOME_LINE1 | address1 |  | 
ADDRESS_HOME_LINE2 | address2 |  | 
ADDRESS_HOME_STATE | state |  | 
ADDRESS_HOME_ZIP | zipCode |  | 
ADDRESS_HOME_CITY | city |  | 
EMAIL_ADDRESS | email1 |  | 
EMAIL_ADDRESS | email1retype |  | 
PHONE_HOME_WHOLE_NUMBER | phone1 | Ext: (Optional) | 
UNKNOWN_TYPE | phone1ext | Ext: (Optional) | 
PHONE_HOME_WHOLE_NUMBER | phone2 | Ext: (Optional) | 
UNKNOWN_TYPE | phone2ext | Ext: (Optional) | 
PHONE_FAX_WHOLE_NUMBER | fax1 | Ext: (Optional) | 
UNKNOWN_TYPE | fax1ext | Ext: (Optional) | 
