UNKNOWN_TYPE
NAME_FIRST
NAME_LAST
UNKNOWN_TYPE
UNKNOWN_TYPE
ADDRESS_HOME_CITY
ADDRESS_HOME_STATE
ADDRESS_HOME_ZIP
UNKNOWN_TYPE
PHONE_HOME_WHOLE_NUMBER
PHONE_HOME_WHOLE_NUMBER
NAME_FIRST
NAME_LAST
UNKNOWN_TYPE
UNKNOWN_TYPE
ADDRESS_HOME_CITY
ADDRESS_HOME_STATE
ADDRESS_HOME_ZIP
UNKNOWN_TYPE
PHONE_HOME_WHOLE_NUMBER
PHONE_HOME_WHOLE_NUMBER
UNKNOWN_TYPE
UNKNOWN_TYPE
UNKNOWN_TYPE
UNKNOWN_TYPE
UNKNOWN_TYPE
UNKNOWN_TYPE
