EMAIL_ADDRESS
EMAIL_ADDRESS
EMAIL_ADDRESS
EMAIL_ADDRESS
EMAIL_ADDRESS
EMAIL_ADDRESS
EMAIL_ADDRESS
EMAIL_ADDRESS
UNKNOWN_TYPE
UNKNOWN_TYPE
EMAIL_ADDRESS
