EMAIL_ADDRESS
EMAIL_ADDRESS
NAME_FIRST
NAME_LAST
PHONE_HOME_WHOLE_NUMBER
PHONE_HOME_WHOLE_NUMBER
PHONE_HOME_WHOLE_NUMBER
