UNKNOWN_TYPE | create_username | Desired username | 
EMAIL_ADDRESS | email | Email | 
UNKNOWN_TYPE | recaptcha_response_field | Type the words aboveType the numbers you hear | 
