UNKNOWN_TYPE
NAME_FULL
PHONE_HOME_WHOLE_NUMBER
UNKNOWN_TYPE
PHONE_HOME_WHOLE_NUMBER
UNKNOWN_TYPE
