rpc call intiated map_sysv_handle:h:
input 0:  h(desc_shmem)
string 'Hello SysV shared memory.'
rpc call complete map_sysv_handle:h:

