target triple = "armv7-none-linux-gnueabi"

@size_c = unnamed_addr global i32 1
@size_i = unnamed_addr global i32 4
@size_l = unnamed_addr global i32 4
@size_p = unnamed_addr global i32 4
@size_f = unnamed_addr global i32 4
@size_d = unnamed_addr global i32 8
@size_vl = unnamed_addr global i32 16
@size_jb = unnamed_addr global i32 1024
@align_c = unnamed_addr global i32 1
@align_i = unnamed_addr global i32 4
@align_l = unnamed_addr global i32 4
@align_p = unnamed_addr global i32 4
@align_f = unnamed_addr global i32 4
@align_d = unnamed_addr global i32 8
@align_vl = unnamed_addr global i32 4
@align_jb = unnamed_addr global i32 8
