
"*** REPLAY PROLOG"

"*** REGISTER REPLAY METHODS"

"*** CREATE UPCALL SERVICE"

"*** INIT MODULE"
rpc call intiated PPP_InitializeModule:iihs:ii
input 0:  i(0)
input 1:  i(4444)
input 2:  h(pepper_desc)
input 3:  @LENGTHY_SERVICE_STRING
replaying PPB_GetInterface:s:i:
input 0:  s("PPB_Core;0.5")
output 0:  i(1)
rpc call complete PPP_InitializeModule:iihs:ii


"*** INIT INSTANCE"
rpc call intiated PPP_Instance_DidCreate:iiCC:i
input 0:  i(5555)
input 1:  i(1)
input 2:  C(12,buffer_size\x00)
input 3:  C(4,100\x00)
rpc call complete PPP_Instance_DidCreate:iiCC:i
output 0:  i(1)


"*** SENT EVENTS EV_MOUSE_DOWN"
rpc call intiated PPP_Instance_HandleInputEvent:iC:i
input 0:  i(5555)
input 1:  C(80,\x00\x00\x00\x00\x00\x00\x00\x00\x00\x00\x00\x00\x00\x00\xf0?@\x00\x00\x00\x00\x00\x00\x00\x00\x00\x84C\x00\x00\xc8B\x01\x00\x00\x00\x00\x00\x00\x00\x00\x00\x00\x00\x00\x00\x00\x00\x00\x00\x00\x00\x00\x00\x00\x00\x00\x00\x00\x00\x00\x00\x00\x00\x00\x00\x00\x00\x00\x00\x00\x00\x00\x00\x00\x00\x00\x00\x00\x00)
rpc call complete PPP_Instance_HandleInputEvent:iC:i
output 0:  i(1)


"*** SENT EVENTS EV_MOUSE_UP"
rpc call intiated PPP_Instance_HandleInputEvent:iC:i
input 0:  i(5555)
input 1:  C(80,\x01\x00\x00\x00\x00\x00\x00\x00\x00\x00\x00\x00\x00\x00\xf1?@\x00\x00\x00\x00\x00\x00\x00\x00\x00\x84C\x00\x00\xc8B\x00\x00\x00\x00\x00\x00\x00\x00\x00\x00\x00\x00\x00\x00\x00\x00\x00\x00\x00\x00\x00\x00\x00\x00\x00\x00\x00\x00\x00\x00\x00\x00\x00\x00\x00\x00\x00\x00\x00\x00\x00\x00\x00\x00\x00\x00\x00\x00)
rpc call complete PPP_Instance_HandleInputEvent:iC:i
output 0:  i(1)


"*** SENT EVENTS EV_MOUSE_MOVE"
rpc call intiated PPP_Instance_HandleInputEvent:iC:i
input 0:  i(5555)
input 1:  C(80,\x02\x00\x00\x00\x00\x00\x00\x00\x00\x00\x00\x00\x00\x00\xf2?\x00\x00\x00\x00\x00\x00\x00\x00\x00\x00\x84C\x00\x00\xc8B\x00\x00\x00\x00\x00\x00\x00\x00\x00\x00\x00\x00\x00\x00\x00\x00\x00\x00\x00\x00\x00\x00\x00\x00\x00\x00\x00\x00\x00\x00\x00\x00\x00\x00\x00\x00\x00\x00\x00\x00\x00\x00\x00\x00\x00\x00\x00\x00)
rpc call complete PPP_Instance_HandleInputEvent:iC:i
output 0:  i(1)


"*** SENT EVENTS EV_MOUSE_ENTER"
rpc call intiated PPP_Instance_HandleInputEvent:iC:i
input 0:  i(5555)
input 1:  C(80,\x03\x00\x00\x00\x00\x00\x00\x00\x00\x00\x00\x00\x00\x00\xf3?\x00\x00\x00\x00\x00\x00\x00\x00\x00\x00\x84C\x00\x00\xc8B\x00\x00\x00\x00\x00\x00\x00\x00\x00\x00\x00\x00\x00\x00\x00\x00\x00\x00\x00\x00\x00\x00\x00\x00\x00\x00\x00\x00\x00\x00\x00\x00\x00\x00\x00\x00\x00\x00\x00\x00\x00\x00\x00\x00\x00\x00\x00\x00)
rpc call complete PPP_Instance_HandleInputEvent:iC:i
output 0:  i(1)


"*** SENT EVENTS EV_MOUSE_LEAVE"
rpc call intiated PPP_Instance_HandleInputEvent:iC:i
input 0:  i(5555)
input 1:  C(80,\x04\x00\x00\x00\x00\x00\x00\x00\x00\x00\x00\x00\x00\x00\xf4?\x00\x00\x00\x00\x00\x00\x00\x00\x00\x00\x84C\x00\x00\xc8B\x00\x00\x00\x00\x00\x00\x00\x00\x00\x00\x00\x00\x00\x00\x00\x00\x00\x00\x00\x00\x00\x00\x00\x00\x00\x00\x00\x00\x00\x00\x00\x00\x00\x00\x00\x00\x00\x00\x00\x00\x00\x00\x00\x00\x00\x00\x00\x00)
rpc call complete PPP_Instance_HandleInputEvent:iC:i
output 0:  i(1)


"*** SENT EVENTS EV_KEY_UP"
rpc call intiated PPP_Instance_HandleInputEvent:iC:i
input 0:  i(5555)
input 1:  C(80,\b\x00\x00\x00\x00\x00\x00\x00\x00\x00\x00\x00\x00\x00\xf6?\x00\x00\x00\x00T\x00\x00\x00\x00\x00\x00\x00\x00\x00\x00\x00\x00\x00\x00\x00\x00\x00\x00\x00\x00\x00\x00\x00\x00\x00\x00\x00\x00\x00\x00\x00\x00\x00\x00\x00\x00\x00\x00\x00\x00\x00\x00\x00\x00\x00\x00\x00\x00\x00\x00\x00\x00\x00\x00\x00\x00\x00\x00\x00)
rpc call complete PPP_Instance_HandleInputEvent:iC:i
output 0:  i(1)


"*** SENT EVENTS EV_KEY_DOWN"
rpc call intiated PPP_Instance_HandleInputEvent:iC:i
input 0:  i(5555)
input 1:  C(80,\x07\x00\x00\x00\x00\x00\x00\x00\x00\x00\x00\x00\x00\x00\xf5?\x00\x00\x00\x00T\x00\x00\x00\x00\x00\x00\x00\x00\x00\x00\x00\x00\x00\x00\x00\x00\x00\x00\x00\x00\x00\x00\x00\x00\x00\x00\x00\x00\x00\x00\x00\x00\x00\x00\x00\x00\x00\x00\x00\x00\x00\x00\x00\x00\x00\x00\x00\x00\x00\x00\x00\x00\x00\x00\x00\x00\x00\x00\x00)
rpc call complete PPP_Instance_HandleInputEvent:iC:i
output 0:  i(1)


"*** TRIGGER EVENT FLUSH"
rpc call intiated PPP_Instance_DidChangeFocus:ib:
input 0:  i(5555)
input 1:  b(0)
replaying PPB_GetInterface:s:i:
input 0:  s("PPB_Var;0.5")
output 0:  i(1)
replaying PPB_GetInterface:s:i:
input 0:  s("PPB_Messaging;0.1")
output 0:  i(1)
replaying PPB_GetInterface:s:i:
input 0:  s("PPB_Var(Deprecated\x29;0.3")
output 0:  i(1)
replaying PPB_Messaging_PostMessage:iC::
input 0:  i(5555)
input 1:  C(104,\x05\x00\x00\x00_\x00\x00\x005555:_Mouse_event:Down_modifier:left-button-down__button:Left_x:264_y:100_click_count:1_time:1\n\x00)
replaying PPB_Messaging_PostMessage:iC::
input 0:  i(5555)
input 1:  C(112,\x05\x00\x00\x00b\x00\x00\x005555:_Mouse_event:Up_modifier:left-button-down__button:Left_x:264_y:100_click_count:0_time:1.0625\n\x00\x00\x00\x00\x00\x00)
replaying PPB_Messaging_PostMessage:iC::
input 0:  i(5555)
input 1:  C(96,\x05\x00\x00\x00R\x00\x00\x005555:_Mouse_event:Move_modifier:_button:Left_x:264_y:100_click_count:0_time:1.125\n\x00\x00\x00\x00\x00\x00)
replaying PPB_Messaging_PostMessage:iC::
input 0:  i(5555)
input 1:  C(96,\x05\x00\x00\x00T\x00\x00\x005555:_Mouse_event:Enter_modifier:_button:Left_x:264_y:100_click_count:0_time:1.1875\n\x00\x00\x00\x00)
replaying PPB_Messaging_PostMessage:iC::
input 0:  i(5555)
input 1:  C(96,\x05\x00\x00\x00R\x00\x00\x005555:_Mouse_event:Leave_modifier:_button:Left_x:264_y:100_click_count:0_time:1.25\n\x00\x00\x00\x00\x00\x00)
replaying PPB_Messaging_PostMessage:iC::
input 0:  i(5555)
input 1:  C(64,\x05\x00\x00\x004\x00\x00\x005555:_Key_event:Up_modifier:_key_code:84_time:1.375\n\x00\x00\x00\x00)
replaying PPB_Messaging_PostMessage:iC::
input 0:  i(5555)
input 1:  C(64,\x05\x00\x00\x007\x00\x00\x005555:_Key_event:Down_modifier:_key_code:84_time:1.3125\n\x00)
rpc call complete PPP_Instance_DidChangeFocus:ib:

rpc call intiated PPP_ShutdownModule::
rpc call complete PPP_ShutdownModule::

"DONE"
