TEST PASSED: getpid_test: getpid returned what appears to be a valid pid.
All tests PASSED