5.000000
5.000000
6.000000
6.000000
6000.000000
6000.000000
6.000000
6.000000
6000.000000
6000.000000
5.000000
5.000000
