
f32 value is: 5.000000
sqrtf: 2.236068
logf: 1.609438
log2f: 2.321928
log10f: 0.698970
expf: 148.413162
exp2f: 32.000000
sinf: -0.958924
cosf: 0.283662
powf: 32.000000

f32 value is: 16.000000
sqrtf: 4.000000
logf: 2.772589
log2f: 4.000000
log10f: 1.204120
expf: 8886111.000000
exp2f: 65536.000000
sinf: -0.287903
cosf: -0.957659
powf: 65536.000000

f32 value is: 10.000000
sqrtf: 3.162278
logf: 2.302585
log2f: 3.321928
log10f: 1.000000
expf: 22026.464844
exp2f: 1024.000000
sinf: -0.544021
cosf: -0.839072
powf: 1024.000000

f32 value is: 3.141593
sqrtf: 1.772454
logf: 1.144730
log2f: 1.651496
log10f: 0.497150
expf: 23.140694
exp2f: 8.824978
sinf: -0.000000
cosf: -1.000000
powf: 8.824978

f32 value is: 1.570796
sqrtf: 1.253314
logf: 0.451583
log2f: 0.651496
log10f: 0.196120
expf: 4.810478
exp2f: 2.970686
sinf: 1.000000
cosf: -0.000000
powf: 2.970686

f32 value is: 2.718282
sqrtf: 1.648721
logf: 1.000000
log2f: 1.442695
log10f: 0.434294
expf: 15.154261
exp2f: 6.580886
sinf: 0.410781
cosf: -0.911734
powf: 6.580886

f64 value is: 5.000000
sqrt: 2.236068
log: 1.609438
log2: 2.321928
log10: 0.698970
exp: 148.413159
exp2: 32.000000
sin: -0.958924
cos: 0.283662
pow: 32.000000

f64 value is: 16.000000
sqrt: 4.000000
log: 2.772589
log2: 4.000000
log10: 1.204120
exp: 8886110.520508
exp2: 65536.000000
sin: -0.287903
cos: -0.957659
pow: 65536.000000

f64 value is: 10.000000
sqrt: 3.162278
log: 2.302585
log2: 3.321928
log10: 1.000000
exp: 22026.465795
exp2: 1024.000000
sin: -0.544021
cos: -0.839072
pow: 1024.000000

f64 value is: 3.141593
sqrt: 1.772454
log: 1.144730
log2: 1.651496
log10: 0.497150
exp: 23.140693
exp2: 8.824978
sin: 0.000000
cos: -1.000000
pow: 8.824978

f64 value is: 1.570796
sqrt: 1.253314
log: 0.451583
log2: 0.651496
log10: 0.196120
exp: 4.810477
exp2: 2.970686
sin: 1.000000
cos: 0.000000
pow: 2.970686

f64 value is: 2.718282
sqrt: 1.648721
log: 1.000000
log2: 1.442695
log10: 0.434294
exp: 15.154262
exp2: 6.580886
sin: 0.410781
cos: -0.911734
pow: 6.580886
