Log output
Fatal error in file tests
LOG_FATAL abort exit
