Attempting to read from unallocated dyncode page.  This should fault...
