
"*** REPLAY PROLOG"

"*** REGISTER REPLAY METHODS"

"*** INITIALIZE PEPPER"

"*** CREATE UPCALL SERVICE"

"*** INIT MODULE"
rpc call intiated PPP_InitializeModule:iihs:ii
input 0:  i(0)
input 1:  i(4444)
input 2:  h(pepper_desc)
input 3:  @LENGTHY_SERIVE_STRING
Creating EventModule.
replaying PPB_GetInterface:s:i:
input 0:  s("PPB_Core;0.3")
output 0:  i(1)
rpc call complete PPP_InitializeModule:iihs:ii


"*** INIT INSTANCE"
rpc call intiated PPP_Instance_DidCreate:iiCC:i
input 0:  i(5555)
input 1:  i(5)
input 2:  C(23,id\x00name\x00src\x00style\x00type\x00)
input 3:  C(74,naclModule\x00naclModule\x00ppapi.nexe\x00background-color:gray\x00application/x-nacl\x00)
Creating EventInstance.
EventInstance created.
rpc call complete PPP_Instance_DidCreate:iiCC:i
output 0:  i(1)


"*** GET INSTANCE OBJECT"
rpc call intiated PPP_Instance_GetInstanceObject:i:C
input 0:  i(5555)
EventInstance::GetInstanceObject
EventHandler created.
replaying PPB_GetInterface:s:i:
input 0:  s("PPB_Var(Deprecated\x29;0.3")
output 0:  i(1)
rpc call complete PPP_Instance_GetInstanceObject:i:C


"*** GET PROPERTY (AT THE BEGINNING)"
rpc call intiated HasProperty:CCC:iC
input 0:  @THE_OBJECT
input 1:  C(16,\x05\x00\x00\x00\x06\x00\x00\x00events\x00\x00)
input 2:  C(8,\x00\x00\x00\x00\x00\x00\x00\x00)
rpc call complete HasProperty:CCC:iC
output 0:  i(1)
output 1:  C(8,\x00\x00\x00\x00\x00\x00\x00\x00)

rpc call intiated GetProperty:CCC:CC
input 0:  @THE_OBJECT
input 1:  C(16,\x05\x00\x00\x00\x06\x00\x00\x00events\x00\x00)
input 2:  C(8,\x00\x00\x00\x00\x00\x00\x00\x00)
rpc call complete GetProperty:CCC:CC
output 0:  C(8,\x05\x00\x00\x00\x00\x00\x00\x00)
output 1:  C(8,\x00\x00\x00\x00\x00\x00\x00\x00)


"*** TRIGGER REPAINT"
rpc call intiated PPP_Instance_DidChangeView:iII:
input 0:  i(5555)
input 1:  I(4,8,79,400,400)
input 2:  I(4,0,0,400,400)
rpc call complete PPP_Instance_DidChangeView:iII:


"*** SENT EVENTS EV_MOUSE_DOWN"
rpc call intiated PPP_Instance_HandleInputEvent:iC:i
input 0:  i(5555)
input 1:  C(80,\x00\x00\x00\x00\x00\x00\x00\x00\x00\x00\x00\x00\x00\x00\xf0?@\x00\x00\x00\x00\x00\x00\x00\x00\x00\x84C\x00\x00\xc8B\x01\x00\x00\x00\x00\x00\x00\x00\x00\x00\x00\x00\x00\x00\x00\x00\x00\x00\x00\x00\x00\x00\x00\x00\x00\x00\x00\x00\x00\x00\x00\x00\x00\x00\x00\x00\x00\x00\x00\x00\x00\x00\x00\x00\x00\x00\x00\x00)
HandleInputEvent called
5555: Mouse event:Down modifier:left-button-down  button:Left x:264 y:100 click_count:1 time:1
rpc call complete PPP_Instance_HandleInputEvent:iC:i
output 0:  i(1)


"*** SENT EVENTS EV_MOUSE_UP"
rpc call intiated PPP_Instance_HandleInputEvent:iC:i
input 0:  i(5555)
input 1:  C(80,\x01\x00\x00\x00\x00\x00\x00\x00\x00\x00\x00\x00\x00\x00\xf1?@\x00\x00\x00\x00\x00\x00\x00\x00\x00\x84C\x00\x00\xc8B\x00\x00\x00\x00\x00\x00\x00\x00\x00\x00\x00\x00\x00\x00\x00\x00\x00\x00\x00\x00\x00\x00\x00\x00\x00\x00\x00\x00\x00\x00\x00\x00\x00\x00\x00\x00\x00\x00\x00\x00\x00\x00\x00\x00\x00\x00\x00\x00)
HandleInputEvent called
5555: Mouse event:Up modifier:left-button-down  button:Left x:264 y:100 click_count:0 time:1.0625
rpc call complete PPP_Instance_HandleInputEvent:iC:i
output 0:  i(1)


"*** SENT EVENTS EV_MOUSE_MOVE"
rpc call intiated PPP_Instance_HandleInputEvent:iC:i
input 0:  i(5555)
input 1:  C(80,\x02\x00\x00\x00\x00\x00\x00\x00\x00\x00\x00\x00\x00\x00\xf2?\x00\x00\x00\x00\x00\x00\x00\x00\x00\x00\x84C\x00\x00\xc8B\x00\x00\x00\x00\x00\x00\x00\x00\x00\x00\x00\x00\x00\x00\x00\x00\x00\x00\x00\x00\x00\x00\x00\x00\x00\x00\x00\x00\x00\x00\x00\x00\x00\x00\x00\x00\x00\x00\x00\x00\x00\x00\x00\x00\x00\x00\x00\x00)
HandleInputEvent called
5555: Mouse event:Move modifier: button:Left x:264 y:100 click_count:0 time:1.125
rpc call complete PPP_Instance_HandleInputEvent:iC:i
output 0:  i(1)


"*** SENT EVENTS EV_MOUSE_ENTER"
rpc call intiated PPP_Instance_HandleInputEvent:iC:i
input 0:  i(5555)
input 1:  C(80,\x03\x00\x00\x00\x00\x00\x00\x00\x00\x00\x00\x00\x00\x00\xf3?\x00\x00\x00\x00\x00\x00\x00\x00\x00\x00\x84C\x00\x00\xc8B\x00\x00\x00\x00\x00\x00\x00\x00\x00\x00\x00\x00\x00\x00\x00\x00\x00\x00\x00\x00\x00\x00\x00\x00\x00\x00\x00\x00\x00\x00\x00\x00\x00\x00\x00\x00\x00\x00\x00\x00\x00\x00\x00\x00\x00\x00\x00\x00)
HandleInputEvent called
5555: Mouse event:Enter modifier: button:Left x:264 y:100 click_count:0 time:1.1875
rpc call complete PPP_Instance_HandleInputEvent:iC:i
output 0:  i(1)


"*** SENT EVENTS EV_MOUSE_LEAVE"
rpc call intiated PPP_Instance_HandleInputEvent:iC:i
input 0:  i(5555)
input 1:  C(80,\x04\x00\x00\x00\x00\x00\x00\x00\x00\x00\x00\x00\x00\x00\xf4?\x00\x00\x00\x00\x00\x00\x00\x00\x00\x00\x84C\x00\x00\xc8B\x00\x00\x00\x00\x00\x00\x00\x00\x00\x00\x00\x00\x00\x00\x00\x00\x00\x00\x00\x00\x00\x00\x00\x00\x00\x00\x00\x00\x00\x00\x00\x00\x00\x00\x00\x00\x00\x00\x00\x00\x00\x00\x00\x00\x00\x00\x00\x00)
HandleInputEvent called
5555: Mouse event:Leave modifier: button:Left x:264 y:100 click_count:0 time:1.25
rpc call complete PPP_Instance_HandleInputEvent:iC:i
output 0:  i(1)


"*** SENT EVENTS EV_KEY_UP"
rpc call intiated PPP_Instance_HandleInputEvent:iC:i
input 0:  i(5555)
input 1:  C(80,\b\x00\x00\x00\x00\x00\x00\x00\x00\x00\x00\x00\x00\x00\xf6?\x00\x00\x00\x00T\x00\x00\x00\x00\x00\x00\x00\x00\x00\x00\x00\x00\x00\x00\x00\x00\x00\x00\x00\x00\x00\x00\x00\x00\x00\x00\x00\x00\x00\x00\x00\x00\x00\x00\x00\x00\x00\x00\x00\x00\x00\x00\x00\x00\x00\x00\x00\x00\x00\x00\x00\x00\x00\x00\x00\x00\x00\x00\x00)
HandleInputEvent called
5555: Key event:Up modifier: key_code:84 time:1.375
rpc call complete PPP_Instance_HandleInputEvent:iC:i
output 0:  i(1)


"*** SENT EVENTS EV_KEY_DOWN"
rpc call intiated PPP_Instance_HandleInputEvent:iC:i
input 0:  i(5555)
input 1:  C(80,\x07\x00\x00\x00\x00\x00\x00\x00\x00\x00\x00\x00\x00\x00\xf5?\x00\x00\x00\x00T\x00\x00\x00\x00\x00\x00\x00\x00\x00\x00\x00\x00\x00\x00\x00\x00\x00\x00\x00\x00\x00\x00\x00\x00\x00\x00\x00\x00\x00\x00\x00\x00\x00\x00\x00\x00\x00\x00\x00\x00\x00\x00\x00\x00\x00\x00\x00\x00\x00\x00\x00\x00\x00\x00\x00\x00\x00\x00\x00)
HandleInputEvent called
5555: Key event:Down modifier: key_code:84 time:1.3125
rpc call complete PPP_Instance_HandleInputEvent:iC:i
output 0:  i(1)


"*** GET PROPERTY (AT THE END)"
rpc call intiated HasProperty:CCC:iC
input 0:  @THE_OBJECT
input 1:  C(16,\x05\x00\x00\x00\x06\x00\x00\x00events\x00\x00)
input 2:  C(8,\x00\x00\x00\x00\x00\x00\x00\x00)
rpc call complete HasProperty:CCC:iC
output 0:  i(1)
output 1:  C(8,\x00\x00\x00\x00\x00\x00\x00\x00)

rpc call intiated GetProperty:CCC:CC
input 0:  @THE_OBJECT
input 1:  C(16,\x05\x00\x00\x00\x06\x00\x00\x00events\x00\x00)
input 2:  C(8,\x00\x00\x00\x00\x00\x00\x00\x00)
rpc call complete GetProperty:CCC:CC
output 0:  C(560,\x05\x00\x00\x00$\x02\x00\x005555: Mouse event:Down modifier:left-button-down  button:Left x:264 y:100 click_count:1 time:1\n5555: Mouse event:Up modifier:left-button-down  button:Left x:264 y:100 click_count:0 time:1.0625\n5555: Mouse event:Move modifier: button:Left x:264 y:100 click_count:0 time:1.125\n5555: Mouse event:Enter modifier: button:Left x:264 y:100 click_count:0 time:1.1875\n5555: Mouse event:Leave modifier: button:Left x:264 y:100 click_count:0 time:1.25\n5555: Key event:Up modifier: key_code:84 time:1.375\n5555: Key event:Down modifier: key_code:84 time:1.3125\n\x00\x00\x00\x00)
output 1:  C(8,\x00\x00\x00\x00\x00\x00\x00\x00)

rpc call intiated PPP_ShutdownModule::
rpc call complete PPP_ShutdownModule::

